<html>
<body>
<pre>
<h1>礦ision Build Log</h1>
<h2>Tool Versions:</h2>
IDE-Version: μVision V5.24.2.0
Copyright (C) 2017 ARM Ltd and ARM Germany GmbH. All rights reserved.
License Information: good Harryz, HP Inc., LIC=BUURY-I9ITA-016P1-CXEZM-N00QB-QZNED
 
Tool Versions:
Toolchain:       MDK-ARM Plus  Version: 5.14.0.0
Toolchain Path:  C:\Keil_v5\ARM\ARMCC\Bin
C Compiler:      Armcc.exe V5.05 update 1 (build 106)
Assembler:       Armasm.exe V5.05 update 1 (build 106)
Linker/Locator:  ArmLink.exe V5.05 update 1 (build 106)
Library Manager: ArmAr.exe V5.05 update 1 (build 106)
Hex Converter:   FromElf.exe V5.05 update 1 (build 106)
CPU DLL:         SARMCM3.DLL V5.14.0.0
Dialog DLL:      DCM.DLL V1.13.1.0
Target DLL:      STLink\ST-LINKIII-KEIL_SWO.dll V2.0.14.0_KEIL
Dialog DLL:      TCM.DLL V1.14.4.0
 
<h2>Project:</h2>
E:\嵌入式\心率血氧仪1\Oximeter-master\MAX30102\Project\BH-F103.uvprojx
Project File Date:  04/20/2023

<h2>Output:</h2>
*** Using Compiler 'V5.05 update 1 (build 106)', folder: 'C:\Keil_v5\ARM\ARMCC\Bin'
Rebuild target 'Project'
assembling startup_stm32f10x_md.s...
compiling core_cm3.c...
compiling system_stm32f10x.c...
compiling misc.c...
compiling stm32f10x_crc.c...
compiling stm32f10x_exti.c...
compiling stm32f10x_dac.c...
compiling stm32f10x_dbgmcu.c...
compiling stm32f10x_gpio.c...
compiling stm32f10x_cec.c...
compiling stm32f10x_bkp.c...
compiling stm32f10x_can.c...
compiling stm32f10x_dma.c...
compiling stm32f10x_fsmc.c...
compiling stm32f10x_adc.c...
compiling stm32f10x_i2c.c...
compiling stm32f10x_flash.c...
compiling stm32f10x_iwdg.c...
compiling Font.c...
compiling stm32f10x_rtc.c...
compiling stm32f10x_pwr.c...
compiling stm32f10x_rcc.c...
compiling stm32f10x_sdio.c...
compiling stm32f10x_spi.c...
compiling stm32f10x_wwdg.c...
compiling stm32f10x_usart.c...
compiling stm32f10x_it.c...
compiling systick.c...
compiling main.c...
..\User\OLED_IIC.h(18): warning:  #1295-D: Deprecated declaration OLED_Refresh_Gram - give arg types
  void  OLED_Refresh_Gram();
..\User\main.c: 1 warning, 0 errors
compiling OLED_IIC.c...
..\User\OLED_IIC.h(18): warning:  #1295-D: Deprecated declaration OLED_Refresh_Gram - give arg types
  void  OLED_Refresh_Gram();
..\User\OLED_IIC.c(229): warning:  #186-D: pointless comparison of unsigned integer with zero
  		if((x1<0)||(x2>128)||(y1<0)||(y2>64)||(x1>x2)||(y1>y2))  return ;
..\User\OLED_IIC.c(229): warning:  #186-D: pointless comparison of unsigned integer with zero
  		if((x1<0)||(x2>128)||(y1<0)||(y2>64)||(x1>x2)||(y1>y2))  return ;
..\User\OLED_IIC.c: 3 warnings, 0 errors
compiling usart.c...
compiling iic.c...
compiling stm32f10x_tim.c...
compiling MAX30102.c...
compiling algorithm.c...
compiling blood.c...
..\User\OLED_IIC.h(18): warning:  #1295-D: Deprecated declaration OLED_Refresh_Gram - give arg types
  void  OLED_Refresh_Gram();
..\User\blood.c: 1 warning, 0 errors
linking...
Program Size: Code=12084 RO-data=7788 RW-data=76 ZI-data=14596  
FromELF: creating hex file...
".\Objects\BH-F103.axf" - 0 Error(s), 5 Warning(s).

<h2>Software Packages used:</h2>

Package Vendor: Keil
                http://www.keil.com/pack/Keil.STM32F1xx_DFP.2.2.0.pack
                Keil.STM32F1xx_DFP.2.2.0
                STMicroelectronics STM32F1 Series Device Support, Drivers and Examples

<h2>Collection of Component include folders:</h2>
  .\RTE\_Project
  C:\Keil_v5\ARM\PACK\Keil\STM32F1xx_DFP\2.2.0\Device\Include

<h2>Collection of Component Files used:</h2>
Build Time Elapsed:  00:00:02
</pre>
</body>
</html>
